== R0_compiler {'eta': 0.0, 'zeta': 1.0, 'delta': 0.9, 'dtau': 0.25, 'g': 1.2, 'gap': 0.5, 'omega': 0.5, 'k_ext': 0, 'theta0': 0.7}
  [PASS] F2_D_vs_oracle: 1.50e-15 (expect <= 1e-12)
  [PASS] F2_state_count: 5937 (expect 5937)
  [PASS] F2_Z_phys: 3.59e-14 (expect <= 1e-12)
  [PASS] F1_lemma3_tiled_partition: 0 (expect 0)
  [PASS] NC3_first_eligible_not_partition: 512 (expect > 0)
  [PASS] F2_group_count: 4801 (expect 4801)
  [PASS] F1_lemma4_factorized_group_sum: 1.88e-16 (expect <= 1e-12)
  [PASS] F2_Z_B: 5.33e-16 (expect <= 1e-12)
  [PASS] F1_sign_theorem: Z_B/Z_A=1.000000 (expect <= 1)
  [PASS] F1_unbiased_A_order_n: 1.73e-14 (expect <= 1e-12)
  [PASS] F1_unbiased_A_crossings: 4.87e-14 (expect <= 1e-12)
  [PASS] F1_unbiased_B_order_n: 1.73e-14 (expect <= 1e-12)
  [PASS] F1_unbiased_B_crossings: 4.87e-14 (expect <= 1e-12)
  [PASS] F1_unbiased_NC2b_order_n: 1.73e-14 (expect <= 1e-12)
  [PASS] F1_unbiased_NC2b_crossings: 4.87e-14 (expect <= 1e-12)
  [PASS] NC1_biased: 2.43e-01 (expect >= 1e-06)
  [PASS] NC3_biased: 4.58e-02 (expect >= 1e-06)
  [PASS] NC2_not_applicable_real_D: D real (expect skip)
  [PASS] F3_stationary_A_native: 1.88e-15 (expect <= 1e-11)
  [PASS] F3_detailed_balance_A_native: 3.67e-18 (expect <= 1e-11)
  [PASS] F3_irreducible_A_native: True (expect True)
  [PASS] F3_stationary_A_heatbath: 7.04e-16 (expect <= 1e-11)
  [PASS] F3_detailed_balance_A_heatbath: 7.33e-18 (expect <= 1e-11)
  [PASS] F3_irreducible_A_heatbath: True (expect True)
  [PASS] F3_stationary_B_refresh: 7.04e-16 (expect <= 1e-11)
  [PASS] F3_detailed_balance_B_refresh: 3.67e-18 (expect <= 1e-11)
  [PASS] F3_irreducible_B_refresh: True (expect True)
  [PASS] NC4_A_eligible_only_not_stationary: 1.61e-02 (expect >= 1e-06)
  [PASS] NC3_refresh_first_not_stationary: 1.50e-02 (expect >= 1e-06)
  [PASS] F3_stationary_NC1_refresh: 8.91e-16 (expect <= 1e-11)
  [PASS] F3_detailed_balance_NC1_refresh: 3.98e-18 (expect <= 1e-11)
  [PASS] F3_irreducible_NC1_refresh: True (expect True)
  [PASS] F3_stationary_B_native: 1.88e-15 (expect <= 1e-11)
  [PASS] F3_detailed_balance_B_native: 3.67e-18 (expect <= 1e-11)
  [PASS] F3_irreducible_B_native: True (expect True)
  [order_n] sigma2/step: {'A_native': '15.77', 'A_heatbath': '22.74', 'B_native': '16.14', 'B_refresh': '23.29'}  static: {'A_native': '0.6842', 'A_heatbath': '0.6842', 'B_native': '0.6842', 'B_refresh': '0.6842'}  tau_int: {'A_native': '23', 'A_heatbath': '33.2', 'B_native': '23.6', 'B_refresh': '34'}
  [crossings] sigma2/step: {'A_native': '8.76', 'A_heatbath': '10.98', 'B_native': '6.626', 'B_refresh': '9.473'}  static: {'A_native': '0.5787', 'A_heatbath': '0.5787', 'B_native': '0.48', 'B_refresh': '0.48'}  tau_int: {'A_native': '15.1', 'A_heatbath': '19', 'B_native': '13.8', 'B_refresh': '19.7'}
  [PASS] F3_mc_A_heatbath_order_n: 2.39553+-0.00749 (z=1.04) (expect exact 2.38771, z <= 4.0)
  [PASS] F3_mc_A_heatbath_crossings: 0.47942+-0.00566 (z=0.56) (expect exact 0.48259, z <= 4.0)
  [PASS] F3_mc_B_refresh_order_n: 2.38272+-0.00790 (z=0.63) (expect exact 2.38771, z <= 4.0)
  [PASS] F3_mc_B_refresh_crossings: 0.47837+-0.00444 (z=0.95) (expect exact 0.48259, z <= 4.0)
== R1_signed_interband {'eta': 1.0, 'zeta': 0.0, 'delta': 2.0, 'dtau': 0.25, 'g': 1.2, 'gap': 0.5, 'omega': 0.2, 'k_ext': 1, 'theta0': 3.46}
  [PASS] F2_D_vs_oracle: 2.48e-15 (expect <= 1e-12)
  [PASS] F2_state_count: 5937 (expect 5937)
  [PASS] F2_Z_phys: 1.23e-15 (expect <= 1e-12)
  [PASS] F1_lemma3_tiled_partition: 0 (expect 0)
  [PASS] NC3_first_eligible_not_partition: 512 (expect > 0)
  [PASS] F2_group_count: 4801 (expect 4801)
  [PASS] F1_lemma4_factorized_group_sum: 2.96e-16 (expect <= 1e-12)
  [PASS] F2_Z_B: 4.12e-15 (expect <= 1e-12)
  [PASS] F1_sign_theorem: Z_B/Z_A=0.932371 (expect <= 1)
  [PASS] F1_unbiased_A_order_n: 5.83e-15 (expect <= 1e-12)
  [PASS] F1_unbiased_A_crossings: 4.50e-15 (expect <= 1e-12)
  [PASS] F1_unbiased_B_order_n: 5.99e-15 (expect <= 1e-12)
  [PASS] F1_unbiased_B_crossings: 4.29e-15 (expect <= 1e-12)
  [PASS] F1_unbiased_NC2b_order_n: 5.83e-15 (expect <= 1e-12)
  [PASS] F1_unbiased_NC2b_crossings: 4.29e-15 (expect <= 1e-12)
  [PASS] NC1_biased: 6.08e-01 (expect >= 1e-06)
  [PASS] NC3_biased: 1.87e-03 (expect >= 1e-06)
  [PASS] NC2_biased: 4.42e-03 (expect >= 1e-06)
  [PASS] F3_stationary_A_native: 1.49e-15 (expect <= 1e-11)
  [PASS] F3_detailed_balance_A_native: 5.83e-18 (expect <= 1e-11)
  [PASS] F3_irreducible_A_native: True (expect True)
  [PASS] F3_stationary_A_heatbath: 9.33e-16 (expect <= 1e-11)
  [PASS] F3_detailed_balance_A_heatbath: 5.83e-18 (expect <= 1e-11)
  [PASS] F3_irreducible_A_heatbath: True (expect True)
  [PASS] F3_stationary_B_refresh: 1.39e-15 (expect <= 1e-11)
  [PASS] F3_detailed_balance_B_refresh: 8.16e-18 (expect <= 1e-11)
  [PASS] F3_irreducible_B_refresh: True (expect True)
  [PASS] NC4_A_eligible_only_not_stationary: 6.41e-02 (expect >= 1e-06)
  [PASS] NC3_refresh_first_not_stationary: 6.21e-02 (expect >= 1e-06)
  [PASS] F3_stationary_NC1_refresh: 1.32e-15 (expect <= 1e-11)
  [PASS] F3_detailed_balance_NC1_refresh: 4.11e-18 (expect <= 1e-11)
  [PASS] F3_irreducible_NC1_refresh: True (expect True)
  [PASS] F3_stationary_B_native: 1.04e-15 (expect <= 1e-11)
  [PASS] F3_detailed_balance_B_native: 1.09e-17 (expect <= 1e-11)
  [PASS] F3_irreducible_B_native: True (expect True)
  [order_n] sigma2/step: {'A_native': '18.87', 'A_heatbath': '26.74', 'B_native': '23.61', 'B_refresh': '33.27'}  static: {'A_native': '1.532', 'A_heatbath': '1.532', 'B_native': '1.329', 'B_refresh': '1.329'}  tau_int: {'A_native': '12.3', 'A_heatbath': '17.5', 'B_native': '17.8', 'B_refresh': '25'}
  [crossings] sigma2/step: {'A_native': '38.42', 'A_heatbath': '54.57', 'B_native': '35.57', 'B_refresh': '51.93'}  static: {'A_native': '3.869', 'A_heatbath': '3.869', 'B_native': '3.808', 'B_refresh': '3.808'}  tau_int: {'A_native': '9.93', 'A_heatbath': '14.1', 'B_native': '9.34', 'B_refresh': '13.6'}
  [PASS] F3_mc_A_heatbath_order_n: 2.74493+-0.00918 (z=0.40) (expect exact 2.74125, z <= 4.0)
  [PASS] F3_mc_A_heatbath_crossings: 0.27023+-0.01451 (z=0.78) (expect exact 0.25888, z <= 4.0)
  [PASS] F3_mc_B_refresh_order_n: 2.73703+-0.00938 (z=0.45) (expect exact 2.74125, z <= 4.0)
  [PASS] F3_mc_B_refresh_crossings: 0.25239+-0.01262 (z=0.51) (expect exact 0.25888, z <= 4.0)
== R2_signed_mixed {'eta': 1.0, 'zeta': 1.0, 'delta': 2.0, 'dtau': 0.4, 'g': 2.0, 'gap': -1.0, 'omega': 1.0, 'k_ext': 1, 'theta0': 2.63}
  [PASS] F2_D_vs_oracle: 4.92e-15 (expect <= 1e-12)
  [PASS] F2_state_count: 5937 (expect 5937)
  [PASS] F2_Z_phys: 2.39e-15 (expect <= 1e-12)
  [PASS] F1_lemma3_tiled_partition: 0 (expect 0)
  [PASS] NC3_first_eligible_not_partition: 512 (expect > 0)
  [PASS] F2_group_count: 4801 (expect 4801)
  [PASS] F1_lemma4_factorized_group_sum: 2.83e-16 (expect <= 1e-12)
  [PASS] F2_Z_B: 2.46e-15 (expect <= 1e-12)
  [PASS] F1_sign_theorem: Z_B/Z_A=0.936301 (expect <= 1)
  [PASS] F1_unbiased_A_order_n: 1.55e-16 (expect <= 1e-12)
  [PASS] F1_unbiased_A_crossings: 2.49e-15 (expect <= 1e-12)
  [PASS] F1_unbiased_B_order_n: 1.55e-16 (expect <= 1e-12)
  [PASS] F1_unbiased_B_crossings: 2.65e-15 (expect <= 1e-12)
  [PASS] F1_unbiased_NC2b_order_n: 1.55e-16 (expect <= 1e-12)
  [PASS] F1_unbiased_NC2b_crossings: 2.49e-15 (expect <= 1e-12)
  [PASS] NC1_biased: 5.95e-01 (expect >= 1e-06)
  [PASS] NC3_biased: 7.01e-02 (expect >= 1e-06)
  [PASS] NC2_biased: 4.32e-02 (expect >= 1e-06)
  [PASS] F3_stationary_A_native: 4.54e-16 (expect <= 1e-11)
  [PASS] F3_detailed_balance_A_native: 7.09e-18 (expect <= 1e-11)
  [PASS] F3_irreducible_A_native: True (expect True)
  [PASS] F3_stationary_A_heatbath: 6.81e-16 (expect <= 1e-11)
  [PASS] F3_detailed_balance_A_heatbath: 1.42e-17 (expect <= 1e-11)
  [PASS] F3_irreducible_A_heatbath: True (expect True)
  [PASS] F3_stationary_B_refresh: 4.78e-16 (expect <= 1e-11)
  [PASS] F3_detailed_balance_B_refresh: 3.32e-18 (expect <= 1e-11)
  [PASS] F3_irreducible_B_refresh: True (expect True)
  [PASS] NC4_A_eligible_only_not_stationary: 1.06e-01 (expect >= 1e-06)
  [PASS] NC3_refresh_first_not_stationary: 9.45e-02 (expect >= 1e-06)
  [PASS] F3_stationary_NC1_refresh: 4.33e-16 (expect <= 1e-11)
  [PASS] F3_detailed_balance_NC1_refresh: 9.03e-18 (expect <= 1e-11)
  [PASS] F3_irreducible_NC1_refresh: True (expect True)
  [PASS] F3_stationary_B_native: 4.25e-16 (expect <= 1e-11)
  [PASS] F3_detailed_balance_B_native: 3.32e-18 (expect <= 1e-11)
  [PASS] F3_irreducible_B_native: True (expect True)
  [order_n] sigma2/step: {'A_native': '24.5', 'A_heatbath': '30.59', 'B_native': '25.32', 'B_refresh': '34.41'}  static: {'A_native': '0.9807', 'A_heatbath': '0.9807', 'B_native': '0.8559', 'B_refresh': '0.8559'}  tau_int: {'A_native': '25', 'A_heatbath': '31.2', 'B_native': '29.6', 'B_refresh': '40.2'}
  [crossings] sigma2/step: {'A_native': '12.54', 'A_heatbath': '17.52', 'B_native': '11.53', 'B_refresh': '16.89'}  static: {'A_native': '1.356', 'A_heatbath': '1.356', 'B_native': '1.265', 'B_refresh': '1.265'}  tau_int: {'A_native': '9.25', 'A_heatbath': '12.9', 'B_native': '9.11', 'B_refresh': '13.3'}
  [PASS] F3_mc_A_heatbath_order_n: 2.85407+-0.00978 (z=1.01) (expect exact 2.86397, z <= 4.0)
  [PASS] F3_mc_A_heatbath_crossings: 0.09153+-0.00536 (z=0.45) (expect exact 0.08913, z <= 4.0)
  [PASS] F3_mc_B_refresh_order_n: 2.85809+-0.01041 (z=0.57) (expect exact 2.86397, z <= 4.0)
  [PASS] F3_mc_B_refresh_crossings: 0.09904+-0.00785 (z=1.26) (expect exact 0.08913, z <= 4.0)
ALL PASS
